
> bhao-backend@1.0.0 dev
> ts-node-dev --respawn src/server.ts

[INFO] 15:16:31 ts-node-dev ver. 2.0.0 (using ts-node ver. 10.9.2, typescript ver. 5.9.3)
Bhao.pk API running on port 3001
[Alert Checker] Scheduled to run every 30 minutes
Redis not available — cache disabled, all searches will be live
Product detail error (Daraz): /Users/ahad/Documents/Clawd/Bhao.pk/backend/scrapers/.venv/lib/python3.9/site-packages/urllib3/__init__.py:35: NotOpenSSLWarning: urllib3 v2 only supports OpenSSL 1.1.1+, currently the 'ssl' module is compiled with 'LibreSSL 2.8.3'. See: https://github.com/urllib3/urllib3/issues/3020
  warnings.warn
[Alert Checker] Starting check at 2026-04-21T10:30:00.902Z
[Alert Checker] Checking 1 active alerts
[Alert Checker] TRIGGERED: Alert dbdd7e97-d799-4428-876d-070ad092ae16 — Rs. 0 (target: Rs. 100)
[Alert Checker] Check complete
[Alert Checker] Starting check at 2026-04-21T11:00:00.930Z
[Alert Checker] Checking 0 active alerts
[Alert Checker] Check complete
[INFO] 16:03:32 Restarting: /Users/ahad/Documents/Clawd/Bhao.pk/backend/src/routes/alerts.routes.ts has been modified
Error: listen EADDRINUSE: address already in use :::3001
    at Server.setupListenHandle [as _listen2] (node:net:1937:16)
    at listenInCluster (node:net:1994:12)
    at Server.listen (node:net:2099:7)
    at Function.listen (/Users/ahad/Documents/Clawd/Bhao.pk/backend/node_modules/express/lib/application.js:635:24)
    at Object.<anonymous> (/Users/ahad/Documents/Clawd/Bhao.pk/backend/src/server.ts:47:5)
    at Module.<anonymous> (node:internal/modules/cjs/loader:1554:14)
    at Module._compile (/Users/ahad/Documents/Clawd/Bhao.pk/backend/node_modules/source-map-support/source-map-support.js:568:25)
    at Module.m._compile (/private/var/folders/qs/bprt33wn6blffvx5l1t654pw0000gp/T/ts-node-dev-hook-5629903552941493.js:69:33)
    at node:internal/modules/cjs/loader:1706:10
    at require.extensions..jsx.require.extensions..js (/private/var/folders/qs/bprt33wn6blffvx5l1t654pw0000gp/T/ts-node-dev-hook-5629903552941493.js:114:20)
[ERROR] 16:03:35 Error: listen EADDRINUSE: address already in use :::3001
[INFO] 16:03:40 Restarting: /Users/ahad/Documents/Clawd/Bhao.pk/backend/src/routes/alerts.routes.ts has been modified
Error: listen EADDRINUSE: address already in use :::3001
    at Server.setupListenHandle [as _listen2] (node:net:1937:16)
    at listenInCluster (node:net:1994:12)
    at Server.listen (node:net:2099:7)
    at Function.listen (/Users/ahad/Documents/Clawd/Bhao.pk/backend/node_modules/express/lib/application.js:635:24)
    at Object.<anonymous> (/Users/ahad/Documents/Clawd/Bhao.pk/backend/src/server.ts:47:5)
    at Module.<anonymous> (node:internal/modules/cjs/loader:1554:14)
    at Module._compile (/Users/ahad/Documents/Clawd/Bhao.pk/backend/node_modules/source-map-support/source-map-support.js:568:25)
    at Module.m._compile (/private/var/folders/qs/bprt33wn6blffvx5l1t654pw0000gp/T/ts-node-dev-hook-5629903552941493.js:69:33)
    at node:internal/modules/cjs/loader:1706:10
    at require.extensions..jsx.require.extensions..js (/private/var/folders/qs/bprt33wn6blffvx5l1t654pw0000gp/T/ts-node-dev-hook-5629903552941493.js:114:20)
[ERROR] 16:03:43 Error: listen EADDRINUSE: address already in use :::3001
[INFO] 16:03:50 Restarting: /Users/ahad/Documents/Clawd/Bhao.pk/backend/src/routes/alerts.routes.ts has been modified
Error: listen EADDRINUSE: address already in use :::3001
    at Server.setupListenHandle [as _listen2] (node:net:1937:16)
    at listenInCluster (node:net:1994:12)
    at Server.listen (node:net:2099:7)
    at Function.listen (/Users/ahad/Documents/Clawd/Bhao.pk/backend/node_modules/express/lib/application.js:635:24)
    at Object.<anonymous> (/Users/ahad/Documents/Clawd/Bhao.pk/backend/src/server.ts:47:5)
    at Module.<anonymous> (node:internal/modules/cjs/loader:1554:14)
    at Module._compile (/Users/ahad/Documents/Clawd/Bhao.pk/backend/node_modules/source-map-support/source-map-support.js:568:25)
    at Module.m._compile (/private/var/folders/qs/bprt33wn6blffvx5l1t654pw0000gp/T/ts-node-dev-hook-5629903552941493.js:69:33)
    at node:internal/modules/cjs/loader:1706:10
    at require.extensions..jsx.require.extensions..js (/private/var/folders/qs/bprt33wn6blffvx5l1t654pw0000gp/T/ts-node-dev-hook-5629903552941493.js:114:20)
[ERROR] 16:03:51 Error: listen EADDRINUSE: address already in use :::3001
[INFO] 16:11:30 Restarting: /Users/ahad/Documents/Clawd/Bhao.pk/backend/src/routes/search.routes.ts has been modified
Error: listen EADDRINUSE: address already in use :::3001
    at Server.setupListenHandle [as _listen2] (node:net:1937:16)
    at listenInCluster (node:net:1994:12)
    at Server.listen (node:net:2099:7)
    at Function.listen (/Users/ahad/Documents/Clawd/Bhao.pk/backend/node_modules/express/lib/application.js:635:24)
    at Object.<anonymous> (/Users/ahad/Documents/Clawd/Bhao.pk/backend/src/server.ts:47:5)
    at Module.<anonymous> (node:internal/modules/cjs/loader:1554:14)
    at Module._compile (/Users/ahad/Documents/Clawd/Bhao.pk/backend/node_modules/source-map-support/source-map-support.js:568:25)
    at Module.m._compile (/private/var/folders/qs/bprt33wn6blffvx5l1t654pw0000gp/T/ts-node-dev-hook-5629903552941493.js:69:33)
    at node:internal/modules/cjs/loader:1706:10
    at require.extensions..jsx.require.extensions..js (/private/var/folders/qs/bprt33wn6blffvx5l1t654pw0000gp/T/ts-node-dev-hook-5629903552941493.js:114:20)
[ERROR] 16:11:31 Error: listen EADDRINUSE: address already in use :::3001
[INFO] 16:11:53 Restarting: /Users/ahad/Documents/Clawd/Bhao.pk/backend/src/routes/search.routes.ts has been modified
Bhao.pk API running on port 3001
[Alert Checker] Scheduled to run every 30 minutes
Redis not available — cache disabled, all searches will be live
Product detail error (Daraz): /Users/ahad/Documents/Clawd/Bhao.pk/backend/scrapers/.venv/lib/python3.9/site-packages/urllib3/__init__.py:35: NotOpenSSLWarning: urllib3 v2 only supports OpenSSL 1.1.1+, currently the 'ssl' module is compiled with 'LibreSSL 2.8.3'. See: https://github.com/urllib3/urllib3/issues/3020
  warnings.warn
Product detail error (Daraz): /Users/ahad/Documents/Clawd/Bhao.pk/backend/scrapers/.venv/lib/python3.9/site-packages/urllib3/__init__.py:35: NotOpenSSLWarning: urllib3 v2 only supports OpenSSL 1.1.1+, currently the 'ssl' module is compiled with 'LibreSSL 2.8.3'. See: https://github.com/urllib3/urllib3/issues/3020
  warnings.warn
Product detail error (Daraz): /Users/ahad/Documents/Clawd/Bhao.pk/backend/scrapers/.venv/lib/python3.9/site-packages/urllib3/__init__.py:35: NotOpenSSLWarning: urllib3 v2 only supports OpenSSL 1.1.1+, currently the 'ssl' module is compiled with 'LibreSSL 2.8.3'. See: https://github.com/urllib3/urllib3/issues/3020
  warnings.warn
Product detail error (Daraz): /Users/ahad/Documents/Clawd/Bhao.pk/backend/scrapers/.venv/lib/python3.9/site-packages/urllib3/__init__.py:35: NotOpenSSLWarning: urllib3 v2 only supports OpenSSL 1.1.1+, currently the 'ssl' module is compiled with 'LibreSSL 2.8.3'. See: https://github.com/urllib3/urllib3/issues/3020
  warnings.warn
Product detail error (Daraz): /Users/ahad/Documents/Clawd/Bhao.pk/backend/scrapers/.venv/lib/python3.9/site-packages/urllib3/__init__.py:35: NotOpenSSLWarning: urllib3 v2 only supports OpenSSL 1.1.1+, currently the 'ssl' module is compiled with 'LibreSSL 2.8.3'. See: https://github.com/urllib3/urllib3/issues/3020
  warnings.warn
Product detail error (Daraz): /Users/ahad/Documents/Clawd/Bhao.pk/backend/scrapers/.venv/lib/python3.9/site-packages/urllib3/__init__.py:35: NotOpenSSLWarning: urllib3 v2 only supports OpenSSL 1.1.1+, currently the 'ssl' module is compiled with 'LibreSSL 2.8.3'. See: https://github.com/urllib3/urllib3/issues/3020
  warnings.warn
Product detail error (Daraz): /Users/ahad/Documents/Clawd/Bhao.pk/backend/scrapers/.venv/lib/python3.9/site-packages/urllib3/__init__.py:35: NotOpenSSLWarning: urllib3 v2 only supports OpenSSL 1.1.1+, currently the 'ssl' module is compiled with 'LibreSSL 2.8.3'. See: https://github.com/urllib3/urllib3/issues/3020
  warnings.warn
Product detail error (Daraz): /Users/ahad/Documents/Clawd/Bhao.pk/backend/scrapers/.venv/lib/python3.9/site-packages/urllib3/__init__.py:35: NotOpenSSLWarning: urllib3 v2 only supports OpenSSL 1.1.1+, currently the 'ssl' module is compiled with 'LibreSSL 2.8.3'. See: https://github.com/urllib3/urllib3/issues/3020
  warnings.warn
Product detail error (Daraz): /Users/ahad/Documents/Clawd/Bhao.pk/backend/scrapers/.venv/lib/python3.9/site-packages/urllib3/__init__.py:35: NotOpenSSLWarning: urllib3 v2 only supports OpenSSL 1.1.1+, currently the 'ssl' module is compiled with 'LibreSSL 2.8.3'. See: https://github.com/urllib3/urllib3/issues/3020
  warnings.warn
Product detail error (Daraz): /Users/ahad/Documents/Clawd/Bhao.pk/backend/scrapers/.venv/lib/python3.9/site-packages/urllib3/__init__.py:35: NotOpenSSLWarning: urllib3 v2 only supports OpenSSL 1.1.1+, currently the 'ssl' module is compiled with 'LibreSSL 2.8.3'. See: https://github.com/urllib3/urllib3/issues/3020
  warnings.warn
Product detail error (Telemart): /Users/ahad/Documents/Clawd/Bhao.pk/backend/scrapers/.venv/lib/python3.9/site-packages/urllib3/__init__.py:35: NotOpenSSLWarning: urllib3 v2 only supports OpenSSL 1.1.1+, currently the 'ssl' module is compiled with 'LibreSSL 2.8.3'. See: https://github.com/urllib3/urllib3/issues/3020
  warnings.warn
Product detail error (Telemart): /Users/ahad/Documents/Clawd/Bhao.pk/backend/scrapers/.venv/lib/python3.9/site-packages/urllib3/__init__.py:35: NotOpenSSLWarning: urllib3 v2 only supports OpenSSL 1.1.1+, currently the 'ssl' module is compiled with 'LibreSSL 2.8.3'. See: https://github.com/urllib3/urllib3/issues/3020
  warnings.warn
[Alert Checker] Starting check at 2026-04-21T11:30:00.567Z
[Alert Checker] Checking 0 active alerts
[Alert Checker] Check complete
Product detail error (Shophive): /Users/ahad/Documents/Clawd/Bhao.pk/backend/scrapers/.venv/lib/python3.9/site-packages/urllib3/__init__.py:35: NotOpenSSLWarning: urllib3 v2 only supports OpenSSL 1.1.1+, currently the 'ssl' module is compiled with 'LibreSSL 2.8.3'. See: https://github.com/urllib3/urllib3/issues/3020
  warnings.warn
Product detail error (Shophive): /Users/ahad/Documents/Clawd/Bhao.pk/backend/scrapers/.venv/lib/python3.9/site-packages/urllib3/__init__.py:35: NotOpenSSLWarning: urllib3 v2 only supports OpenSSL 1.1.1+, currently the 'ssl' module is compiled with 'LibreSSL 2.8.3'. See: https://github.com/urllib3/urllib3/issues/3020
  warnings.warn
Product detail error (Daraz): /Users/ahad/Documents/Clawd/Bhao.pk/backend/scrapers/.venv/lib/python3.9/site-packages/urllib3/__init__.py:35: NotOpenSSLWarning: urllib3 v2 only supports OpenSSL 1.1.1+, currently the 'ssl' module is compiled with 'LibreSSL 2.8.3'. See: https://github.com/urllib3/urllib3/issues/3020
  warnings.warn
Product detail error (Daraz): /Users/ahad/Documents/Clawd/Bhao.pk/backend/scrapers/.venv/lib/python3.9/site-packages/urllib3/__init__.py:35: NotOpenSSLWarning: urllib3 v2 only supports OpenSSL 1.1.1+, currently the 'ssl' module is compiled with 'LibreSSL 2.8.3'. See: https://github.com/urllib3/urllib3/issues/3020
  warnings.warn
Product detail error (Daraz): /Users/ahad/Documents/Clawd/Bhao.pk/backend/scrapers/.venv/lib/python3.9/site-packages/urllib3/__init__.py:35: NotOpenSSLWarning: urllib3 v2 only supports OpenSSL 1.1.1+, currently the 'ssl' module is compiled with 'LibreSSL 2.8.3'. See: https://github.com/urllib3/urllib3/issues/3020
  warnings.warn
Product detail error (Daraz): /Users/ahad/Documents/Clawd/Bhao.pk/backend/scrapers/.venv/lib/python3.9/site-packages/urllib3/__init__.py:35: NotOpenSSLWarning: urllib3 v2 only supports OpenSSL 1.1.1+, currently the 'ssl' module is compiled with 'LibreSSL 2.8.3'. See: https://github.com/urllib3/urllib3/issues/3020
  warnings.warn
Product detail error (Daraz): /Users/ahad/Documents/Clawd/Bhao.pk/backend/scrapers/.venv/lib/python3.9/site-packages/urllib3/__init__.py:35: NotOpenSSLWarning: urllib3 v2 only supports OpenSSL 1.1.1+, currently the 'ssl' module is compiled with 'LibreSSL 2.8.3'. See: https://github.com/urllib3/urllib3/issues/3020
  warnings.warn
Product detail error (Daraz): /Users/ahad/Documents/Clawd/Bhao.pk/backend/scrapers/.venv/lib/python3.9/site-packages/urllib3/__init__.py:35: NotOpenSSLWarning: urllib3 v2 only supports OpenSSL 1.1.1+, currently the 'ssl' module is compiled with 'LibreSSL 2.8.3'. See: https://github.com/urllib3/urllib3/issues/3020
  warnings.warn
Product detail error (Telemart): /Users/ahad/Documents/Clawd/Bhao.pk/backend/scrapers/.venv/lib/python3.9/site-packages/urllib3/__init__.py:35: NotOpenSSLWarning: urllib3 v2 only supports OpenSSL 1.1.1+, currently the 'ssl' module is compiled with 'LibreSSL 2.8.3'. See: https://github.com/urllib3/urllib3/issues/3020
  warnings.warn
Product detail error (Telemart): /Users/ahad/Documents/Clawd/Bhao.pk/backend/scrapers/.venv/lib/python3.9/site-packages/urllib3/__init__.py:35: NotOpenSSLWarning: urllib3 v2 only supports OpenSSL 1.1.1+, currently the 'ssl' module is compiled with 'LibreSSL 2.8.3'. See: https://github.com/urllib3/urllib3/issues/3020
  warnings.warn
[INFO] 16:35:05 Restarting: /Users/ahad/Documents/Clawd/Bhao.pk/backend/src/routes/search.routes.ts has been modified
Compilation error in /Users/ahad/Documents/Clawd/Bhao.pk/backend/src/routes/search.routes.ts
[ERROR] 16:35:08 ⨯ Unable to compile TypeScript:
src/routes/search.routes.ts(104,32): error TS2304: Cannot find name 'sourceDetail'.
src/routes/search.routes.ts(104,80): error TS2304: Cannot find name 'sourceDetail'.
src/routes/search.routes.ts(104,110): error TS2304: Cannot find name 'sourceDetail'.
src/routes/search.routes.ts(114,15): error TS2304: Cannot find name 'sourceDetail'.
src/routes/search.routes.ts(121,15): error TS2304: Cannot find name 'sourceDetail'.
src/routes/search.routes.ts(123,16): error TS2304: Cannot find name 'sourceDetail'.
src/routes/search.routes.ts(124,19): error TS2304: Cannot find name 'sourceDetail'.

[INFO] 16:35:19 Restarting: /Users/ahad/Documents/Clawd/Bhao.pk/backend/src/routes/search.routes.ts has been modified
Compilation error in /Users/ahad/Documents/Clawd/Bhao.pk/backend/src/routes/search.routes.ts
[ERROR] 16:35:23 ⨯ Unable to compile TypeScript:
src/routes/search.routes.ts(104,32): error TS2304: Cannot find name 'sourceDetail'.
src/routes/search.routes.ts(104,80): error TS2304: Cannot find name 'sourceDetail'.
src/routes/search.routes.ts(104,110): error TS2304: Cannot find name 'sourceDetail'.
src/routes/search.routes.ts(114,15): error TS2304: Cannot find name 'sourceDetail'.

[INFO] 16:36:00 Restarting: /Users/ahad/Documents/Clawd/Bhao.pk/backend/src/routes/search.routes.ts has been modified
Error: listen EADDRINUSE: address already in use :::3001
    at Server.setupListenHandle [as _listen2] (node:net:1937:16)
    at listenInCluster (node:net:1994:12)
    at Server.listen (node:net:2099:7)
    at Function.listen (/Users/ahad/Documents/Clawd/Bhao.pk/backend/node_modules/express/lib/application.js:635:24)
    at Object.<anonymous> (/Users/ahad/Documents/Clawd/Bhao.pk/backend/src/server.ts:47:5)
    at Module.<anonymous> (node:internal/modules/cjs/loader:1554:14)
    at Module._compile (/Users/ahad/Documents/Clawd/Bhao.pk/backend/node_modules/source-map-support/source-map-support.js:568:25)
    at Module.m._compile (/private/var/folders/qs/bprt33wn6blffvx5l1t654pw0000gp/T/ts-node-dev-hook-5629903552941493.js:69:33)
    at node:internal/modules/cjs/loader:1706:10
    at require.extensions..jsx.require.extensions..js (/private/var/folders/qs/bprt33wn6blffvx5l1t654pw0000gp/T/ts-node-dev-hook-5629903552941493.js:114:20)
[ERROR] 16:36:03 Error: listen EADDRINUSE: address already in use :::3001
[INFO] 16:37:01 Restarting: /Users/ahad/Documents/Clawd/Bhao.pk/backend/src/services/product-matching.service.ts has been modified
Compilation error in /Users/ahad/Documents/Clawd/Bhao.pk/backend/src/services/product-matching.service.ts
[ERROR] 16:37:04 ⨯ Unable to compile TypeScript:
src/services/product-matching.service.ts(127,33): error TS2339: Property 'reduce' does not exist on type 'string | string[]'.
  Property 'reduce' does not exist on type 'string'.

[INFO] 16:37:36 Restarting: /Users/ahad/Documents/Clawd/Bhao.pk/backend/src/services/product-matching.service.ts has been modified
Bhao.pk API running on port 3001
[Alert Checker] Scheduled to run every 30 minutes
Redis not available — cache disabled, all searches will be live
[INFO] 16:37:57 Restarting: /Users/ahad/Documents/Clawd/Bhao.pk/backend/src/services/product-matching.service.ts has been modified
Error: listen EADDRINUSE: address already in use :::3001
    at Server.setupListenHandle [as _listen2] (node:net:1937:16)
    at listenInCluster (node:net:1994:12)
    at Server.listen (node:net:2099:7)
    at Function.listen (/Users/ahad/Documents/Clawd/Bhao.pk/backend/node_modules/express/lib/application.js:635:24)
    at Object.<anonymous> (/Users/ahad/Documents/Clawd/Bhao.pk/backend/src/server.ts:47:5)
    at Module.<anonymous> (node:internal/modules/cjs/loader:1554:14)
    at Module._compile (/Users/ahad/Documents/Clawd/Bhao.pk/backend/node_modules/source-map-support/source-map-support.js:568:25)
    at Module.m._compile (/private/var/folders/qs/bprt33wn6blffvx5l1t654pw0000gp/T/ts-node-dev-hook-5629903552941493.js:69:33)
    at node:internal/modules/cjs/loader:1706:10
    at require.extensions..jsx.require.extensions..js (/private/var/folders/qs/bprt33wn6blffvx5l1t654pw0000gp/T/ts-node-dev-hook-5629903552941493.js:114:20)
[ERROR] 16:37:58 Error: listen EADDRINUSE: address already in use :::3001
[INFO] 16:44:49 Restarting: /Users/ahad/Documents/Clawd/Bhao.pk/backend/src/services/product-matching.service.ts has been modified
Bhao.pk API running on port 3001
[Alert Checker] Scheduled to run every 30 minutes
Redis not available — cache disabled, all searches will be live
Product detail error (Daraz): /Users/ahad/Documents/Clawd/Bhao.pk/backend/scrapers/.venv/lib/python3.9/site-packages/urllib3/__init__.py:35: NotOpenSSLWarning: urllib3 v2 only supports OpenSSL 1.1.1+, currently the 'ssl' module is compiled with 'LibreSSL 2.8.3'. See: https://github.com/urllib3/urllib3/issues/3020
  warnings.warn
[Alert Checker] Starting check at 2026-04-21T12:00:00.655Z
[Alert Checker] Checking 0 active alerts
[Alert Checker] Check complete
[INFO] 17:12:05 Restarting: /Users/ahad/Documents/Clawd/Bhao.pk/backend/src/services/db.service.ts has been modified
Error: listen EADDRINUSE: address already in use :::3001
    at Server.setupListenHandle [as _listen2] (node:net:1937:16)
    at listenInCluster (node:net:1994:12)
    at Server.listen (node:net:2099:7)
    at Function.listen (/Users/ahad/Documents/Clawd/Bhao.pk/backend/node_modules/express/lib/application.js:635:24)
    at Object.<anonymous> (/Users/ahad/Documents/Clawd/Bhao.pk/backend/src/server.ts:47:5)
    at Module.<anonymous> (node:internal/modules/cjs/loader:1554:14)
    at Module._compile (/Users/ahad/Documents/Clawd/Bhao.pk/backend/node_modules/source-map-support/source-map-support.js:568:25)
    at Module.m._compile (/private/var/folders/qs/bprt33wn6blffvx5l1t654pw0000gp/T/ts-node-dev-hook-5629903552941493.js:69:33)
    at node:internal/modules/cjs/loader:1706:10
    at require.extensions..jsx.require.extensions..js (/private/var/folders/qs/bprt33wn6blffvx5l1t654pw0000gp/T/ts-node-dev-hook-5629903552941493.js:114:20)
[ERROR] 17:12:21 Error: listen EADDRINUSE: address already in use :::3001
[INFO] 17:12:43 Restarting: /Users/ahad/Documents/Clawd/Bhao.pk/backend/src/routes/search.routes.ts has been modified
Error: listen EADDRINUSE: address already in use :::3001
    at Server.setupListenHandle [as _listen2] (node:net:1937:16)
    at listenInCluster (node:net:1994:12)
    at Server.listen (node:net:2099:7)
    at Function.listen (/Users/ahad/Documents/Clawd/Bhao.pk/backend/node_modules/express/lib/application.js:635:24)
    at Object.<anonymous> (/Users/ahad/Documents/Clawd/Bhao.pk/backend/src/server.ts:47:5)
    at Module.<anonymous> (node:internal/modules/cjs/loader:1554:14)
    at Module._compile (/Users/ahad/Documents/Clawd/Bhao.pk/backend/node_modules/source-map-support/source-map-support.js:568:25)
    at Module.m._compile (/private/var/folders/qs/bprt33wn6blffvx5l1t654pw0000gp/T/ts-node-dev-hook-5629903552941493.js:69:33)
    at node:internal/modules/cjs/loader:1706:10
    at require.extensions..jsx.require.extensions..js (/private/var/folders/qs/bprt33wn6blffvx5l1t654pw0000gp/T/ts-node-dev-hook-5629903552941493.js:114:20)
[ERROR] 17:12:50 Error: listen EADDRINUSE: address already in use :::3001
[INFO] 17:12:59 Restarting: /Users/ahad/Documents/Clawd/Bhao.pk/backend/src/server.ts has been modified
Error: listen EADDRINUSE: address already in use :::3001
    at Server.setupListenHandle [as _listen2] (node:net:1937:16)
    at listenInCluster (node:net:1994:12)
    at Server.listen (node:net:2099:7)
    at Function.listen (/Users/ahad/Documents/Clawd/Bhao.pk/backend/node_modules/express/lib/application.js:635:24)
    at Object.<anonymous> (/Users/ahad/Documents/Clawd/Bhao.pk/backend/src/server.ts:50:5)
    at Module.<anonymous> (node:internal/modules/cjs/loader:1554:14)
    at Module._compile (/Users/ahad/Documents/Clawd/Bhao.pk/backend/node_modules/source-map-support/source-map-support.js:568:25)
    at Module.m._compile (/private/var/folders/qs/bprt33wn6blffvx5l1t654pw0000gp/T/ts-node-dev-hook-5629903552941493.js:69:33)
    at node:internal/modules/cjs/loader:1706:10
    at require.extensions..jsx.require.extensions..js (/private/var/folders/qs/bprt33wn6blffvx5l1t654pw0000gp/T/ts-node-dev-hook-5629903552941493.js:114:20)
[ERROR] 17:13:00 Error: listen EADDRINUSE: address already in use :::3001
[INFO] 17:14:21 Restarting: /Users/ahad/Documents/Clawd/Bhao.pk/backend/src/routes/search.routes.ts has been modified
Error: listen EADDRINUSE: address already in use :::3001
    at Server.setupListenHandle [as _listen2] (node:net:1937:16)
    at listenInCluster (node:net:1994:12)
    at Server.listen (node:net:2099:7)
    at Function.listen (/Users/ahad/Documents/Clawd/Bhao.pk/backend/node_modules/express/lib/application.js:635:24)
    at Object.<anonymous> (/Users/ahad/Documents/Clawd/Bhao.pk/backend/src/server.ts:50:5)
    at Module.<anonymous> (node:internal/modules/cjs/loader:1554:14)
    at Module._compile (/Users/ahad/Documents/Clawd/Bhao.pk/backend/node_modules/source-map-support/source-map-support.js:568:25)
    at Module.m._compile (/private/var/folders/qs/bprt33wn6blffvx5l1t654pw0000gp/T/ts-node-dev-hook-5629903552941493.js:69:33)
    at node:internal/modules/cjs/loader:1706:10
    at require.extensions..jsx.require.extensions..js (/private/var/folders/qs/bprt33wn6blffvx5l1t654pw0000gp/T/ts-node-dev-hook-5629903552941493.js:114:20)
[ERROR] 17:14:32 Error: listen EADDRINUSE: address already in use :::3001
[INFO] 18:30:31 Restarting: /Users/ahad/Documents/Clawd/Bhao.pk/backend/src/services/db.service.ts has been modified
Bhao.pk API running on port 3001
[Alert Checker] Scheduled to run every 30 minutes
Redis not available — cache disabled, all searches will be live
[INFO] 18:46:49 Restarting: /Users/ahad/Documents/Clawd/Bhao.pk/backend/src/routes/search.routes.ts has been modified
Error: listen EADDRINUSE: address already in use :::3001
    at Server.setupListenHandle [as _listen2] (node:net:1937:16)
    at listenInCluster (node:net:1994:12)
    at Server.listen (node:net:2099:7)
    at Function.listen (/Users/ahad/Documents/Clawd/Bhao.pk/backend/node_modules/express/lib/application.js:635:24)
    at Object.<anonymous> (/Users/ahad/Documents/Clawd/Bhao.pk/backend/src/server.ts:50:5)
    at Module.<anonymous> (node:internal/modules/cjs/loader:1554:14)
    at Module._compile (/Users/ahad/Documents/Clawd/Bhao.pk/backend/node_modules/source-map-support/source-map-support.js:568:25)
    at Module.m._compile (/private/var/folders/qs/bprt33wn6blffvx5l1t654pw0000gp/T/ts-node-dev-hook-5629903552941493.js:69:33)
    at node:internal/modules/cjs/loader:1706:10
    at require.extensions..jsx.require.extensions..js (/private/var/folders/qs/bprt33wn6blffvx5l1t654pw0000gp/T/ts-node-dev-hook-5629903552941493.js:114:20)
[ERROR] 18:46:59 Error: listen EADDRINUSE: address already in use :::3001
[INFO] 20:09:07 Restarting: /Users/ahad/Documents/Clawd/Bhao.pk/backend/src/services/db.service.ts has been modified
Error: listen EADDRINUSE: address already in use :::3001
    at Server.setupListenHandle [as _listen2] (node:net:1937:16)
    at listenInCluster (node:net:1994:12)
    at Server.listen (node:net:2099:7)
    at Function.listen (/Users/ahad/Documents/Clawd/Bhao.pk/backend/node_modules/express/lib/application.js:635:24)
    at Object.<anonymous> (/Users/ahad/Documents/Clawd/Bhao.pk/backend/src/server.ts:50:5)
    at Module.<anonymous> (node:internal/modules/cjs/loader:1554:14)
    at Module._compile (/Users/ahad/Documents/Clawd/Bhao.pk/backend/node_modules/source-map-support/source-map-support.js:568:25)
    at Module.m._compile (/private/var/folders/qs/bprt33wn6blffvx5l1t654pw0000gp/T/ts-node-dev-hook-5629903552941493.js:69:33)
    at node:internal/modules/cjs/loader:1706:10
    at require.extensions..jsx.require.extensions..js (/private/var/folders/qs/bprt33wn6blffvx5l1t654pw0000gp/T/ts-node-dev-hook-5629903552941493.js:114:20)
[ERROR] 20:09:15 Error: listen EADDRINUSE: address already in use :::3001
[INFO] 20:21:08 Restarting: /Users/ahad/Documents/Clawd/Bhao.pk/backend/src/services/alert-checker.service.ts has been modified
Bhao.pk API running on port 3001
[Alert Checker] Scheduled to run every 30 minutes
Redis not available — cache disabled, all searches will be live
[INFO] 20:22:22 Restarting: /Users/ahad/Documents/Clawd/Bhao.pk/backend/src/server.ts has been modified
Bhao.pk API running on port 3001
[Alert Checker] Scheduled to run every 30 minutes
Redis not available — cache disabled, all searches will be live
[Alert Checker] Starting check at 2026-04-21T15:30:00.536Z
[Alert Checker] Checking 0 active alerts
[Alert Checker] Check complete
[INFO] 20:33:53 Restarting: /Users/ahad/Documents/Clawd/Bhao.pk/backend/src/services/alert-checker.service.ts has been modified
Error: listen EADDRINUSE: address already in use :::3001
    at Server.setupListenHandle [as _listen2] (node:net:1937:16)
    at listenInCluster (node:net:1994:12)
    at Server.listen (node:net:2099:7)
    at Function.listen (/Users/ahad/Documents/Clawd/Bhao.pk/backend/node_modules/express/lib/application.js:635:24)
    at Object.<anonymous> (/Users/ahad/Documents/Clawd/Bhao.pk/backend/src/server.ts:52:5)
    at Module.<anonymous> (node:internal/modules/cjs/loader:1554:14)
    at Module._compile (/Users/ahad/Documents/Clawd/Bhao.pk/backend/node_modules/source-map-support/source-map-support.js:568:25)
    at Module.m._compile (/private/var/folders/qs/bprt33wn6blffvx5l1t654pw0000gp/T/ts-node-dev-hook-5629903552941493.js:69:33)
    at node:internal/modules/cjs/loader:1706:10
    at require.extensions..jsx.require.extensions..js (/private/var/folders/qs/bprt33wn6blffvx5l1t654pw0000gp/T/ts-node-dev-hook-5629903552941493.js:114:20)
[ERROR] 20:34:03 Error: listen EADDRINUSE: address already in use :::3001
[INFO] 20:53:33 Restarting: /Users/ahad/Documents/Clawd/Bhao.pk/backend/src/services/cache.service.ts has been modified
Error: listen EADDRINUSE: address already in use :::3001
    at Server.setupListenHandle [as _listen2] (node:net:1937:16)
    at listenInCluster (node:net:1994:12)
    at Server.listen (node:net:2099:7)
    at Function.listen (/Users/ahad/Documents/Clawd/Bhao.pk/backend/node_modules/express/lib/application.js:635:24)
    at Object.<anonymous> (/Users/ahad/Documents/Clawd/Bhao.pk/backend/src/server.ts:52:5)
    at Module.<anonymous> (node:internal/modules/cjs/loader:1554:14)
    at Module._compile (/Users/ahad/Documents/Clawd/Bhao.pk/backend/node_modules/source-map-support/source-map-support.js:568:25)
    at Module.m._compile (/private/var/folders/qs/bprt33wn6blffvx5l1t654pw0000gp/T/ts-node-dev-hook-5629903552941493.js:69:33)
    at node:internal/modules/cjs/loader:1706:10
    at require.extensions..jsx.require.extensions..js (/private/var/folders/qs/bprt33wn6blffvx5l1t654pw0000gp/T/ts-node-dev-hook-5629903552941493.js:114:20)
[ERROR] 20:53:44 Error: listen EADDRINUSE: address already in use :::3001
[INFO] 20:53:52 Restarting: /Users/ahad/Documents/Clawd/Bhao.pk/backend/src/services/db.service.ts has been modified
Error: listen EADDRINUSE: address already in use :::3001
    at Server.setupListenHandle [as _listen2] (node:net:1937:16)
    at listenInCluster (node:net:1994:12)
    at Server.listen (node:net:2099:7)
    at Function.listen (/Users/ahad/Documents/Clawd/Bhao.pk/backend/node_modules/express/lib/application.js:635:24)
    at Object.<anonymous> (/Users/ahad/Documents/Clawd/Bhao.pk/backend/src/server.ts:52:5)
    at Module.<anonymous> (node:internal/modules/cjs/loader:1554:14)
    at Module._compile (/Users/ahad/Documents/Clawd/Bhao.pk/backend/node_modules/source-map-support/source-map-support.js:568:25)
    at Module.m._compile (/private/var/folders/qs/bprt33wn6blffvx5l1t654pw0000gp/T/ts-node-dev-hook-5629903552941493.js:69:33)
    at node:internal/modules/cjs/loader:1706:10
    at require.extensions..jsx.require.extensions..js (/private/var/folders/qs/bprt33wn6blffvx5l1t654pw0000gp/T/ts-node-dev-hook-5629903552941493.js:114:20)
[ERROR] 20:54:13 Error: listen EADDRINUSE: address already in use :::3001
[INFO] 20:59:41 Restarting: /Users/ahad/Documents/Clawd/Bhao.pk/backend/src/services/db.service.ts has been modified
Bhao.pk API running on port 3001
[Alert Checker] Scheduled to run every 30 minutes
Redis not available — cache disabled, all searches will be live
[Alert Checker] Starting check at 2026-04-21T16:00:00.964Z
[Alert Checker] Checking 0 active alerts
[Alert Checker] Check complete
[Alert Checker] Starting check at 2026-04-21T16:13:33.573Z
[Alert Checker] Checking 0 active alerts
[Alert Checker] Check complete
[Alert Checker] Starting check at 2026-04-21T16:13:57.990Z
[Alert Checker] Checking 1 active alerts
[Alert Checker] Check complete
[Alert Checker] Starting check at 2026-04-21T16:30:00.430Z
[Alert Checker] Checking 2 active alerts
[Alert Checker] TRIGGERED: Alert 5deceabf-faa3-4b93-a4bc-f1ff774f4b19 — Rs. 7999 (target: Rs. 9000)
[Alert Checker] Email sent + alert marked notified: 5deceabf-faa3-4b93-a4bc-f1ff774f4b19
[Alert Checker] Check complete
[INFO] 21:37:40 Restarting: /Users/ahad/Documents/Clawd/Bhao.pk/backend/src/services/db.service.ts has been modified
Bhao.pk API running on port 3001
[Alert Checker] Scheduled to run every 30 minutes
Redis not available — cache disabled, all searches will be live
[INFO] 21:38:02 Restarting: /Users/ahad/Documents/Clawd/Bhao.pk/backend/src/server.ts has been modified
Error: listen EADDRINUSE: address already in use :::3001
    at Server.setupListenHandle [as _listen2] (node:net:1937:16)
    at listenInCluster (node:net:1994:12)
    at Server.listen (node:net:2099:7)
    at Function.listen (/Users/ahad/Documents/Clawd/Bhao.pk/backend/node_modules/express/lib/application.js:635:24)
    at Object.<anonymous> (/Users/ahad/Documents/Clawd/Bhao.pk/backend/src/server.ts:54:5)
    at Module.<anonymous> (node:internal/modules/cjs/loader:1554:14)
    at Module._compile (/Users/ahad/Documents/Clawd/Bhao.pk/backend/node_modules/source-map-support/source-map-support.js:568:25)
    at Module.m._compile (/private/var/folders/qs/bprt33wn6blffvx5l1t654pw0000gp/T/ts-node-dev-hook-5629903552941493.js:69:33)
    at node:internal/modules/cjs/loader:1706:10
    at require.extensions..jsx.require.extensions..js (/private/var/folders/qs/bprt33wn6blffvx5l1t654pw0000gp/T/ts-node-dev-hook-5629903552941493.js:114:20)
[ERROR] 21:38:07 Error: listen EADDRINUSE: address already in use :::3001
